{
    "ncbi-dbtype": "pmc",
    "pmid": "0",
    "pmcid": "PMC2286209",
    "title": "Notes on Books",
    "journal": "British Medical Journal",
    "pubdate": "1944/09/09 00:00",
    "volume": "2",
    "issue": "4366",
    "pages": "342",
    "year": "1944",
    "type": "book-review",
    "retrieved-from": "http://www.ncbi.nlm.nih.gov/"
}