{
    "publisher": {
        "name": "Springer"
    },
    "isbn": [
        "9780387707037",
        "0387707034"
    ],
    "olid": [
        "OL10154678M"
    ],
    "subtitle": "A Syndrome-Based Approach",
    "title": "The Black Book of Neuropsychology",
    "url": "https://openlibrary.org/books/OL10154678M/The_Black_Book_of_Neuropsychology",
    "pages": 304,
    "pubdate": "December 1, 2007"
}