{
    "year": 2013,
    "journal": null,
    "title": "The Little Black Book of Neuropsychology",
    "reference": "schoenberg2013th",
    "editor": [
        "Mike R. Schoenberg",
        "James G. Scott"
    ],
    "type": "book",
    "doi": "10.0.17/978-0-387-76978-3",
    "publisher": "Springer Science + Business Media"
}