{
    "publisher": "CrossRef",
    "issue": "11",
    "doi": "10.5555/12345678",
    "type": "journal-article",
    "pages": "1-3",
    "title": "Toward a Unified Theory of High-Energy Metaphysics: Silly String Theory",
    "volume": "5",
    "reference": "carberry2008to",
    "author": [
        "Josiah Carberry"
    ],
    "journal": "Journal of Psychoceramics",
    "year": 2008,
    "issn": [
        "0264-3561"
    ]
}