{
    "viaf": [
        "4929997"
    ],
    "author": [
        "John Fowles"
    ],
    "isbn": [
        "9789633070222",
        "9633070228"
    ],
    "url": "http://www.worldcat.org/oclc/24880509",
    "type": [
        "schema:CreativeWork",
        "schema:Book"
    ],
    "pubdate": "1983",
    "genre": [
        "Fiction"
    ],
    "title": "A francia hadnagy szeretője : regény"
}