{
    "viaf": "50566653",
    "type": "Personal",
    "nkc": "jn19981002263",
    "bav": "ADV11275910",
    "bnc": "a10166221",
    "lnl": "14733",
    "bnf": "11927291",
    "ndl": "00459304",
    "dnb": "118624822",
    "dbc": "87097969041957",
    "nukat": "n94200767",
    "nsk": "000047578",
    "sudoc": "027171876",
    "ptbnp": "46269",
    "nli": "000133341",
    "bne": "XX945992",
    "bibsys": "x90056487",
    "lc": "n79021164",
    "wkp": "Q7245",
    "rsl": "nafpn-000083946",
    "jpg": "500020427",
    "nta": "227880145",
    "selibr": "98057",
    "egaxa": "vtls000823270",
    "nlp": "a1153428x",
    "xa": "2080",
    "lnb": "LNC10-000002679",
    "lac": "0105C0556",
    "rero": "vtls000164542",
    "isni": "0000000077209145",
    "n6i": "vtls000050376",
    "vlacc": "000002392",
    "nla": "000035028957",
    "name": "Twain, Mark, 1835-1910",
    "retrieved-from": "http://viaf.org/"
}