{
    "viaf": "99929837",
    "type": "Personal",
    "isni": "0000000121450228",
    "bnf": "11916650",
    "nukat": "n97014760",
    "bnc": "a10126004",
    "n6i": "vtls001108165",
    "rero": "vtls003605577",
    "nsk": "000305874",
    "nta": "070033374",
    "ndl": "00450373",
    "wkp": "Q131117",
    "selibr": "278220",
    "dnb": "118583697",
    "nli": "000420564",
    "lnb": "LNC10-000066935",
    "lc": "n79064558",
    "iccu": "CFIV008262",
    "nlp": "a19609693",
    "nla": "000035359558",
    "egaxa": "vtls001233379",
    "nkc": "jn19990005798",
    "bne": "XX1063926",
    "sudoc": "027036111",
    "bav": "ADV10260051",
    "name": "Montessori, Maria, 1870-1952"
}